[2026-01-15 11:08:45,582] INFO in base: select pg_catalog.version()
[2026-01-15 11:08:45,583] INFO in base: [raw sql] {}
[2026-01-15 11:08:45,584] INFO in base: select current_schema()
[2026-01-15 11:08:45,584] INFO in base: [raw sql] {}
[2026-01-15 11:08:45,585] INFO in base: show standard_conforming_strings
[2026-01-15 11:08:45,585] INFO in base: [raw sql] {}
[2026-01-15 11:08:45,586] INFO in base: BEGIN (implicit)
[2026-01-15 11:08:45,592] INFO in base: SELECT pg_catalog.pg_class.relname 
FROM pg_catalog.pg_class JOIN pg_catalog.pg_namespace ON pg_catalog.pg_namespace.oid = pg_catalog.pg_class.relnamespace 
WHERE pg_catalog.pg_class.relname = %(table_name)s AND pg_catalog.pg_class.relkind = ANY (ARRAY[%(param_1)s, %(param_2)s, %(param_3)s, %(param_4)s, %(param_5)s]) AND pg_catalog.pg_table_is_visible(pg_catalog.pg_class.oid) AND pg_catalog.pg_namespace.nspname != %(nspname_1)s
[2026-01-15 11:08:45,592] INFO in base: [generated in 0.00038s] {'table_name': 'users', 'param_1': 'r', 'param_2': 'p', 'param_3': 'f', 'param_4': 'v', 'param_5': 'm', 'nspname_1': 'pg_catalog'}
[2026-01-15 11:08:45,595] INFO in base: SELECT pg_catalog.pg_class.relname 
FROM pg_catalog.pg_class JOIN pg_catalog.pg_namespace ON pg_catalog.pg_namespace.oid = pg_catalog.pg_class.relnamespace 
WHERE pg_catalog.pg_class.relname = %(table_name)s AND pg_catalog.pg_class.relkind = ANY (ARRAY[%(param_1)s, %(param_2)s, %(param_3)s, %(param_4)s, %(param_5)s]) AND pg_catalog.pg_table_is_visible(pg_catalog.pg_class.oid) AND pg_catalog.pg_namespace.nspname != %(nspname_1)s
[2026-01-15 11:08:45,596] INFO in base: [cached since 0.00368s ago] {'table_name': 'cart_items', 'param_1': 'r', 'param_2': 'p', 'param_3': 'f', 'param_4': 'v', 'param_5': 'm', 'nspname_1': 'pg_catalog'}
[2026-01-15 11:08:45,597] INFO in base: 
CREATE TABLE users (
	id SERIAL NOT NULL, 
	email VARCHAR(100) NOT NULL, 
	name VARCHAR(100) NOT NULL, 
	google_id VARCHAR(100) NOT NULL, 
	PRIMARY KEY (id), 
	UNIQUE (email), 
	UNIQUE (google_id)
)


[2026-01-15 11:08:45,597] INFO in base: [no key 0.00013s] {}
[2026-01-15 11:08:45,609] INFO in base: 
CREATE TABLE cart_items (
	id SERIAL NOT NULL, 
	user_id INTEGER NOT NULL, 
	product_name VARCHAR(100) NOT NULL, 
	product_price FLOAT NOT NULL, 
	quantity INTEGER NOT NULL, 
	PRIMARY KEY (id), 
	FOREIGN KEY(user_id) REFERENCES users (id)
)


[2026-01-15 11:08:45,609] INFO in base: [no key 0.00030s] {}
[2026-01-15 11:08:45,615] INFO in base: COMMIT
[2026-01-15 11:08:46,198] INFO in base: select pg_catalog.version()
[2026-01-15 11:08:46,198] INFO in base: [raw sql] {}
[2026-01-15 11:08:46,200] INFO in base: select current_schema()
[2026-01-15 11:08:46,200] INFO in base: [raw sql] {}
[2026-01-15 11:08:46,201] INFO in base: show standard_conforming_strings
[2026-01-15 11:08:46,201] INFO in base: [raw sql] {}
[2026-01-15 11:08:46,203] INFO in base: BEGIN (implicit)
[2026-01-15 11:08:46,208] INFO in base: SELECT pg_catalog.pg_class.relname 
FROM pg_catalog.pg_class JOIN pg_catalog.pg_namespace ON pg_catalog.pg_namespace.oid = pg_catalog.pg_class.relnamespace 
WHERE pg_catalog.pg_class.relname = %(table_name)s AND pg_catalog.pg_class.relkind = ANY (ARRAY[%(param_1)s, %(param_2)s, %(param_3)s, %(param_4)s, %(param_5)s]) AND pg_catalog.pg_table_is_visible(pg_catalog.pg_class.oid) AND pg_catalog.pg_namespace.nspname != %(nspname_1)s
[2026-01-15 11:08:46,208] INFO in base: [generated in 0.00039s] {'table_name': 'users', 'param_1': 'r', 'param_2': 'p', 'param_3': 'f', 'param_4': 'v', 'param_5': 'm', 'nspname_1': 'pg_catalog'}
[2026-01-15 11:08:46,211] INFO in base: SELECT pg_catalog.pg_class.relname 
FROM pg_catalog.pg_class JOIN pg_catalog.pg_namespace ON pg_catalog.pg_namespace.oid = pg_catalog.pg_class.relnamespace 
WHERE pg_catalog.pg_class.relname = %(table_name)s AND pg_catalog.pg_class.relkind = ANY (ARRAY[%(param_1)s, %(param_2)s, %(param_3)s, %(param_4)s, %(param_5)s]) AND pg_catalog.pg_table_is_visible(pg_catalog.pg_class.oid) AND pg_catalog.pg_namespace.nspname != %(nspname_1)s
[2026-01-15 11:08:46,211] INFO in base: [cached since 0.003769s ago] {'table_name': 'cart_items', 'param_1': 'r', 'param_2': 'p', 'param_3': 'f', 'param_4': 'v', 'param_5': 'm', 'nspname_1': 'pg_catalog'}
[2026-01-15 11:08:46,213] INFO in base: COMMIT
[2026-01-15 11:09:06,893] INFO in base: BEGIN (implicit)
[2026-01-15 11:09:06,895] INFO in base: SELECT users.id AS users_id, users.email AS users_email, users.name AS users_name, users.google_id AS users_google_id 
FROM users 
WHERE users.id = %(pk_1)s
[2026-01-15 11:09:06,895] INFO in base: [generated in 0.00025s] {'pk_1': 1}
[2026-01-15 11:09:06,906] INFO in base: ROLLBACK
[2026-01-15 11:09:08,331] INFO in base: BEGIN (implicit)
[2026-01-15 11:09:08,331] INFO in base: SELECT users.id AS users_id, users.email AS users_email, users.name AS users_name, users.google_id AS users_google_id 
FROM users 
WHERE users.id = %(pk_1)s
[2026-01-15 11:09:08,331] INFO in base: [cached since 1.437s ago] {'pk_1': 1}
[2026-01-15 11:09:08,334] INFO in base: ROLLBACK
[2026-01-15 11:09:09,259] INFO in base: BEGIN (implicit)
[2026-01-15 11:09:09,259] INFO in base: SELECT users.id AS users_id, users.email AS users_email, users.name AS users_name, users.google_id AS users_google_id 
FROM users 
WHERE users.id = %(pk_1)s
[2026-01-15 11:09:09,259] INFO in base: [cached since 2.365s ago] {'pk_1': 1}
[2026-01-15 11:09:09,269] INFO in base: ROLLBACK
[2026-01-15 11:09:11,638] INFO in base: BEGIN (implicit)
[2026-01-15 11:09:11,639] INFO in base: SELECT users.id AS users_id, users.email AS users_email, users.name AS users_name, users.google_id AS users_google_id 
FROM users 
WHERE users.id = %(pk_1)s
[2026-01-15 11:09:11,639] INFO in base: [cached since 4.744s ago] {'pk_1': 1}
[2026-01-15 11:09:11,641] INFO in base: ROLLBACK
[2026-01-15 11:09:12,693] INFO in base: BEGIN (implicit)
[2026-01-15 11:09:12,694] INFO in base: SELECT users.id AS users_id, users.email AS users_email, users.name AS users_name, users.google_id AS users_google_id 
FROM users 
WHERE users.id = %(pk_1)s
[2026-01-15 11:09:12,694] INFO in base: [cached since 5.799s ago] {'pk_1': 1}
[2026-01-15 11:09:12,696] INFO in base: ROLLBACK
[2026-01-15 11:09:14,726] INFO in base: BEGIN (implicit)
[2026-01-15 11:09:14,727] INFO in base: SELECT users.id AS users_id, users.email AS users_email, users.name AS users_name, users.google_id AS users_google_id 
FROM users 
WHERE users.id = %(pk_1)s
[2026-01-15 11:09:14,727] INFO in base: [cached since 7.832s ago] {'pk_1': 1}
[2026-01-15 11:09:14,729] INFO in base: ROLLBACK
[2026-01-15 12:11:18,447] INFO in base: select pg_catalog.version()
[2026-01-15 12:11:18,448] INFO in base: [raw sql] {}
[2026-01-15 12:11:18,449] INFO in base: select current_schema()
[2026-01-15 12:11:18,449] INFO in base: [raw sql] {}
[2026-01-15 12:11:18,449] INFO in base: show standard_conforming_strings
[2026-01-15 12:11:18,450] INFO in base: [raw sql] {}
[2026-01-15 12:11:18,450] INFO in base: BEGIN (implicit)
[2026-01-15 12:11:18,455] INFO in base: SELECT pg_catalog.pg_class.relname 
FROM pg_catalog.pg_class JOIN pg_catalog.pg_namespace ON pg_catalog.pg_namespace.oid = pg_catalog.pg_class.relnamespace 
WHERE pg_catalog.pg_class.relname = %(table_name)s AND pg_catalog.pg_class.relkind = ANY (ARRAY[%(param_1)s, %(param_2)s, %(param_3)s, %(param_4)s, %(param_5)s]) AND pg_catalog.pg_table_is_visible(pg_catalog.pg_class.oid) AND pg_catalog.pg_namespace.nspname != %(nspname_1)s
[2026-01-15 12:11:18,456] INFO in base: [generated in 0.00043s] {'table_name': 'users', 'param_1': 'r', 'param_2': 'p', 'param_3': 'f', 'param_4': 'v', 'param_5': 'm', 'nspname_1': 'pg_catalog'}
[2026-01-15 12:11:18,459] INFO in base: SELECT pg_catalog.pg_class.relname 
FROM pg_catalog.pg_class JOIN pg_catalog.pg_namespace ON pg_catalog.pg_namespace.oid = pg_catalog.pg_class.relnamespace 
WHERE pg_catalog.pg_class.relname = %(table_name)s AND pg_catalog.pg_class.relkind = ANY (ARRAY[%(param_1)s, %(param_2)s, %(param_3)s, %(param_4)s, %(param_5)s]) AND pg_catalog.pg_table_is_visible(pg_catalog.pg_class.oid) AND pg_catalog.pg_namespace.nspname != %(nspname_1)s
[2026-01-15 12:11:18,460] INFO in base: [cached since 0.004175s ago] {'table_name': 'cart_items', 'param_1': 'r', 'param_2': 'p', 'param_3': 'f', 'param_4': 'v', 'param_5': 'm', 'nspname_1': 'pg_catalog'}
[2026-01-15 12:11:18,462] INFO in base: 
CREATE TABLE users (
	id SERIAL NOT NULL, 
	email VARCHAR(100) NOT NULL, 
	name VARCHAR(100) NOT NULL, 
	google_id VARCHAR(100) NOT NULL, 
	PRIMARY KEY (id), 
	UNIQUE (email), 
	UNIQUE (google_id)
)


[2026-01-15 12:11:18,462] INFO in base: [no key 0.00025s] {}
[2026-01-15 12:11:18,475] INFO in base: 
CREATE TABLE cart_items (
	id SERIAL NOT NULL, 
	user_id INTEGER NOT NULL, 
	product_name VARCHAR(100) NOT NULL, 
	product_price FLOAT NOT NULL, 
	quantity INTEGER NOT NULL, 
	PRIMARY KEY (id), 
	FOREIGN KEY(user_id) REFERENCES users (id)
)


[2026-01-15 12:11:18,475] INFO in base: [no key 0.00033s] {}
[2026-01-15 12:11:18,480] INFO in base: COMMIT
[2026-01-15 12:11:19,070] INFO in base: select pg_catalog.version()
[2026-01-15 12:11:19,070] INFO in base: [raw sql] {}
[2026-01-15 12:11:19,072] INFO in base: select current_schema()
[2026-01-15 12:11:19,072] INFO in base: [raw sql] {}
[2026-01-15 12:11:19,073] INFO in base: show standard_conforming_strings
[2026-01-15 12:11:19,073] INFO in base: [raw sql] {}
[2026-01-15 12:11:19,074] INFO in base: BEGIN (implicit)
[2026-01-15 12:11:19,078] INFO in base: SELECT pg_catalog.pg_class.relname 
FROM pg_catalog.pg_class JOIN pg_catalog.pg_namespace ON pg_catalog.pg_namespace.oid = pg_catalog.pg_class.relnamespace 
WHERE pg_catalog.pg_class.relname = %(table_name)s AND pg_catalog.pg_class.relkind = ANY (ARRAY[%(param_1)s, %(param_2)s, %(param_3)s, %(param_4)s, %(param_5)s]) AND pg_catalog.pg_table_is_visible(pg_catalog.pg_class.oid) AND pg_catalog.pg_namespace.nspname != %(nspname_1)s
[2026-01-15 12:11:19,079] INFO in base: [generated in 0.00027s] {'table_name': 'users', 'param_1': 'r', 'param_2': 'p', 'param_3': 'f', 'param_4': 'v', 'param_5': 'm', 'nspname_1': 'pg_catalog'}
[2026-01-15 12:11:19,082] INFO in base: SELECT pg_catalog.pg_class.relname 
FROM pg_catalog.pg_class JOIN pg_catalog.pg_namespace ON pg_catalog.pg_namespace.oid = pg_catalog.pg_class.relnamespace 
WHERE pg_catalog.pg_class.relname = %(table_name)s AND pg_catalog.pg_class.relkind = ANY (ARRAY[%(param_1)s, %(param_2)s, %(param_3)s, %(param_4)s, %(param_5)s]) AND pg_catalog.pg_table_is_visible(pg_catalog.pg_class.oid) AND pg_catalog.pg_namespace.nspname != %(nspname_1)s
[2026-01-15 12:11:19,082] INFO in base: [cached since 0.003308s ago] {'table_name': 'cart_items', 'param_1': 'r', 'param_2': 'p', 'param_3': 'f', 'param_4': 'v', 'param_5': 'm', 'nspname_1': 'pg_catalog'}
[2026-01-15 12:11:19,083] INFO in base: COMMIT
[2026-01-15 12:16:20,944] INFO in base: BEGIN (implicit)
[2026-01-15 12:16:20,947] INFO in base: SELECT users.id AS users_id, users.email AS users_email, users.name AS users_name, users.google_id AS users_google_id 
FROM users 
WHERE users.id = %(pk_1)s
[2026-01-15 12:16:20,947] INFO in base: [generated in 0.00030s] {'pk_1': 1}
[2026-01-15 12:16:20,974] INFO in base: ROLLBACK
[2026-01-15 12:16:22,566] INFO in base: BEGIN (implicit)
[2026-01-15 12:16:22,566] INFO in base: SELECT users.id AS users_id, users.email AS users_email, users.name AS users_name, users.google_id AS users_google_id 
FROM users 
WHERE users.id = %(pk_1)s
[2026-01-15 12:16:22,566] INFO in base: [cached since 1.62s ago] {'pk_1': 1}
[2026-01-15 12:16:22,568] INFO in base: ROLLBACK
[2026-01-15 12:16:23,680] INFO in base: BEGIN (implicit)
[2026-01-15 12:16:23,681] INFO in base: SELECT users.id AS users_id, users.email AS users_email, users.name AS users_name, users.google_id AS users_google_id 
FROM users 
WHERE users.id = %(pk_1)s
[2026-01-15 12:16:23,681] INFO in base: [cached since 2.734s ago] {'pk_1': 1}
[2026-01-15 12:16:23,682] INFO in base: ROLLBACK
[2026-01-15 12:16:28,098] INFO in base: BEGIN (implicit)
[2026-01-15 12:16:28,099] INFO in base: SELECT users.id AS users_id, users.email AS users_email, users.name AS users_name, users.google_id AS users_google_id 
FROM users 
WHERE users.id = %(pk_1)s
[2026-01-15 12:16:28,099] INFO in base: [cached since 7.152s ago] {'pk_1': 1}
[2026-01-15 12:16:28,101] INFO in base: ROLLBACK
